{
  "version": "1.5.0",
  "plugins_used": [
    {
      "name": "ArtifactoryDetector"
    },
    {
      "name": "AWSKeyDetector"
    },
    {
      "name": "AzureStorageKeyDetector"
    },
    {
      "name": "Base64HighEntropyString",
      "limit": 4.5
    },
    {
      "name": "BasicAuthDetector"
    },
    {
      "name": "CloudantDetector"
    },
    {
      "name": "DiscordBotTokenDetector"
    },
    {
      "name": "GitHubTokenDetector"
    },
    {
      "name": "GitLabTokenDetector"
    },
    {
      "name": "HexHighEntropyString",
      "limit": 3.0
    },
    {
      "name": "IbmCloudIamDetector"
    },
    {
      "name": "IbmCosHmacDetector"
    },
    {
      "name": "IPPublicDetector"
    },
    {
      "name": "JwtTokenDetector"
    },
    {
      "name": "KeywordDetector",
      "keyword_exclude": ""
    },
    {
      "name": "MailchimpDetector"
    },
    {
      "name": "NpmDetector"
    },
    {
      "name": "OpenAIDetector"
    },
    {
      "name": "PrivateKeyDetector"
    },
    {
      "name": "PypiTokenDetector"
    },
    {
      "name": "SendGridDetector"
    },
    {
      "name": "SlackDetector"
    },
    {
      "name": "SoftlayerDetector"
    },
    {
      "name": "SquareOAuthDetector"
    },
    {
      "name": "StripeDetector"
    },
    {
      "name": "TelegramBotTokenDetector"
    },
    {
      "name": "TwilioKeyDetector"
    }
  ],
  "filters_used": [
    {
      "path": "detect_secrets.filters.allowlist.is_line_allowlisted"
    },
    {
      "path": "detect_secrets.filters.common.is_baseline_file",
      "filename": ".secrets.baseline"
    },
    {
      "path": "detect_secrets.filters.common.is_ignored_due_to_verification_policies",
      "min_level": 2
    },
    {
      "path": "detect_secrets.filters.heuristic.is_indirect_reference"
    },
    {
      "path": "detect_secrets.filters.heuristic.is_likely_id_string"
    },
    {
      "path": "detect_secrets.filters.heuristic.is_lock_file"
    },
    {
      "path": "detect_secrets.filters.heuristic.is_not_alphanumeric_string"
    },
    {
      "path": "detect_secrets.filters.heuristic.is_potential_uuid"
    },
    {
      "path": "detect_secrets.filters.heuristic.is_prefixed_with_dollar_sign"
    },
    {
      "path": "detect_secrets.filters.heuristic.is_sequential_string"
    },
    {
      "path": "detect_secrets.filters.heuristic.is_swagger_file"
    },
    {
      "path": "detect_secrets.filters.heuristic.is_templated_secret"
    },
    {
      "path": "detect_secrets.filters.regex.should_exclude_file",
      "pattern": [
        "(\\.secrets\\.baseline$|^(PAI/)?MEMORY/(OBSERVABILITY|LEARNING|RESEARCH|WORK|RELATIONSHIP|SKILLS|STATE)/|^PAI/PULSE/(state|logs)/|^history\\.jsonl$|^plugins/(cache|marketplaces)/|\\.lock$|\\.lockb$)"
      ]
    }
  ],
  "results": {
    "PAI/PULSE/Observability/out/_next/static/chunks/app/agents/page-392ada0c9d87a116.js": [
      {
        "type": "Hex High Entropy String",
        "filename": "PAI/PULSE/Observability/out/_next/static/chunks/app/agents/page-392ada0c9d87a116.js",
        "hashed_secret": "1824b971362f1613c76d65e03ed4db0c57137306",
        "is_verified": false,
        "line_number": 1
      },
      {
        "type": "Hex High Entropy String",
        "filename": "PAI/PULSE/Observability/out/_next/static/chunks/app/agents/page-392ada0c9d87a116.js",
        "hashed_secret": "c14b1676776204876de1de600838c93770bfc463",
        "is_verified": false,
        "line_number": 1
      }
    ],
    "PAI/PULSE/Observability/out/_next/static/chunks/webpack-6485512f394da30f.js": [
      {
        "type": "Hex High Entropy String",
        "filename": "PAI/PULSE/Observability/out/_next/static/chunks/webpack-6485512f394da30f.js",
        "hashed_secret": "0d81dd774859dd7e450b0c14f519c41a87fff801",
        "is_verified": false,
        "line_number": 1
      },
      {
        "type": "Hex High Entropy String",
        "filename": "PAI/PULSE/Observability/out/_next/static/chunks/webpack-6485512f394da30f.js",
        "hashed_secret": "221c18e86a67884b1187dadf6611a13a34c8ed64",
        "is_verified": false,
        "line_number": 1
      },
      {
        "type": "Hex High Entropy String",
        "filename": "PAI/PULSE/Observability/out/_next/static/chunks/webpack-6485512f394da30f.js",
        "hashed_secret": "76c3234de493c75c34e640da818d390ec51720e9",
        "is_verified": false,
        "line_number": 1
      },
      {
        "type": "Hex High Entropy String",
        "filename": "PAI/PULSE/Observability/out/_next/static/chunks/webpack-6485512f394da30f.js",
        "hashed_secret": "8a27c95f65e61f97067c715b2a25bd6e2315001f",
        "is_verified": false,
        "line_number": 1
      },
      {
        "type": "Hex High Entropy String",
        "filename": "PAI/PULSE/Observability/out/_next/static/chunks/webpack-6485512f394da30f.js",
        "hashed_secret": "d5708cde1902629b2030ee8ada782c5d6e9638d7",
        "is_verified": false,
        "line_number": 1
      },
      {
        "type": "Hex High Entropy String",
        "filename": "PAI/PULSE/Observability/out/_next/static/chunks/webpack-6485512f394da30f.js",
        "hashed_secret": "ed7fa70b41a3e3ae71fdd4f4fb9dfe3b244e6c5b",
        "is_verified": false,
        "line_number": 1
      }
    ],
    "PAI/TOOLS/BillingPathAssertion.ts": [
      {
        "type": "Secret Keyword",
        "filename": "PAI/TOOLS/BillingPathAssertion.ts",
        "hashed_secret": "71f8e7976e4cbc4561c9d62fb283e7f788202acb",
        "is_verified": false,
        "line_number": 57
      },
      {
        "type": "Secret Keyword",
        "filename": "PAI/TOOLS/BillingPathAssertion.ts",
        "hashed_secret": "f8ca0d7266886f4b5be9adddc9b66017b3bf1a4b",
        "is_verified": false,
        "line_number": 58
      },
      {
        "type": "Secret Keyword",
        "filename": "PAI/TOOLS/BillingPathAssertion.ts",
        "hashed_secret": "ecb252044b5ea0f679ee78ec1a12904739e2904d",
        "is_verified": false,
        "line_number": 83
      }
    ],
    "PAI/TOOLS/ExtractTranscript.ts": [
      {
        "type": "Secret Keyword",
        "filename": "PAI/TOOLS/ExtractTranscript.ts",
        "hashed_secret": "ec3810e10fb78db55ce38b9c18d1c3eb1db739e0",
        "is_verified": false,
        "line_number": 236
      }
    ],
    "PAI/TOOLS/ReferenceCheck.ts": [
      {
        "type": "Base64 High Entropy String",
        "filename": "PAI/TOOLS/ReferenceCheck.ts",
        "hashed_secret": "94c5fb24918cd3c80f17c94a1a053408b3f8778e",
        "is_verified": false,
        "line_number": 72
      }
    ],
    "hooks/ContainmentGuard.hook.ts": [
      {
        "type": "Hex High Entropy String",
        "filename": "hooks/ContainmentGuard.hook.ts",
        "hashed_secret": "51dab975aa340c9a5ddab68f22c4705dfe0df200",
        "is_verified": false,
        "line_number": 44
      },
      {
        "type": "Hex High Entropy String",
        "filename": "hooks/ContainmentGuard.hook.ts",
        "hashed_secret": "cb3b2b943849a5850bfc6eaf7410dfb88f3c6e39",
        "is_verified": false,
        "line_number": 45
      }
    ],
    "plugins/installed_plugins.json": [
      {
        "type": "Hex High Entropy String",
        "filename": "plugins/installed_plugins.json",
        "hashed_secret": "85de39ec6a44ed809aa080ac1a6466656fa601ed",
        "is_verified": false,
        "line_number": 11
      },
      {
        "type": "Hex High Entropy String",
        "filename": "plugins/installed_plugins.json",
        "hashed_secret": "cb9981377ff410100a8021f3719a1cce180b946d",
        "is_verified": false,
        "line_number": 31
      },
      {
        "type": "Hex High Entropy String",
        "filename": "plugins/installed_plugins.json",
        "hashed_secret": "a14f9bc3c5b5611ad5a6166c4fe3afb653aac34a",
        "is_verified": false,
        "line_number": 41
      },
      {
        "type": "Hex High Entropy String",
        "filename": "plugins/installed_plugins.json",
        "hashed_secret": "c7cdd1bd9f52176b8bf5222b6528303064cb36a6",
        "is_verified": false,
        "line_number": 51
      },
      {
        "type": "Hex High Entropy String",
        "filename": "plugins/installed_plugins.json",
        "hashed_secret": "c25054032a059f8f9c65b86190159fe8804a5cd2",
        "is_verified": false,
        "line_number": 81
      },
      {
        "type": "Hex High Entropy String",
        "filename": "plugins/installed_plugins.json",
        "hashed_secret": "75572a338d7799b1fffa852632f5e1adfde1da3e",
        "is_verified": false,
        "line_number": 101
      }
    ],
    "skills/Art/Tools/Generate.ts": [
      {
        "type": "Secret Keyword",
        "filename": "skills/Art/Tools/Generate.ts",
        "hashed_secret": "d84dc15742af4a186f21c483a662a36197558125",
        "is_verified": false,
        "line_number": 60
      }
    ],
    "skills/Fabric/Patterns/create_excalidraw_visualization/system.md": [
      {
        "type": "Hex High Entropy String",
        "filename": "skills/Fabric/Patterns/create_excalidraw_visualization/system.md",
        "hashed_secret": "428c00915b9a408b0573afa94d0db5650b23ef54",
        "is_verified": false,
        "line_number": 87
      }
    ],
    "skills/Fabric/Patterns/write_nuclei_template_rule/system.md": [
      {
        "type": "Base64 High Entropy String",
        "filename": "skills/Fabric/Patterns/write_nuclei_template_rule/system.md",
        "hashed_secret": "60fd1d24fef6f2f2e617c051a59a8bbeac4c5d54",
        "is_verified": false,
        "line_number": 399
      },
      {
        "type": "JSON Web Token",
        "filename": "skills/Fabric/Patterns/write_nuclei_template_rule/system.md",
        "hashed_secret": "851c7aaf7ad83bb68fb5c2ef293db676f31bcb51",
        "is_verified": false,
        "line_number": 414
      }
    ],
    "skills/USMetrics/Workflows/UpdateData.md": [
      {
        "type": "Secret Keyword",
        "filename": "skills/USMetrics/Workflows/UpdateData.md",
        "hashed_secret": "9ad19750930e5cf133e024641c00daf5fc90c700",
        "is_verified": false,
        "line_number": 70
      }
    ]
  },
  "generated_at": "2026-05-03T20:21:30Z"
}
